// Jest Snapshot v1, https://goo.gl/fbAQLP

exports[`Challenge 2022 1a 1`] = `66719`;

exports[`Challenge 2022 1b 1`] = `198551`;

exports[`Challenge 2022 2a 1`] = `8392`;
